PIPELINE RUN
  Input:      sample-pictures-full\20260313_213430.jpg
  Output dir: sample-pictures-out-full\20260313_213430

PIPELINE DIAGNOSTICS
  [locate] working-res 1000×450 (scale=0.248 from 4032×1816)
  [locate] found 5 candidate(s); top score=0.003
  [locate] chose candidate 0: totalScore=0.998 (innerBorder=1.000, darkRing=1.000)
  [locate] dash search: top@row=7 (expected 7, off 0), bottom@row=137 (expected 136, off 1), left@col=2 (expected 3, off 1), right@col=157 (expected 156, off 1)
  [locate] output region: 1393×1249 (margin=6.0%, passThrough=false)
  [warp] corner detection: area=1399709 aspect=1.108 (target 1.111) thresh=180 score=0.0162
  [warp] detected source corners (TL TR BR BL): (75,60) (1316,61) (1317,1184) (75,1186)
  [warp] pass 1 edge offsets (avg): top=-3.15 bot=0.95 left=-1.69 right=3.87
  [warp] pass 1 corner errors: TL=(-1.2,-1.9) TR=(2.2,-1.3) BR=(2.1,0.7) BL=(-0.8,0.0)
  [warp] pass 1 poly fit RMSE: top=0.18 bot=0.24 left=0.18 right=0.25
  [warp] pass 1 sub-pixel gap width: left=12.75 right=9.65 top=9.90 bottom=9.28
  [warp] pass 2 edge offsets (avg): top=-1.54 bot=0.58 left=-0.66 right=1.70
  [warp] pass 2 corner errors: TL=(-0.6,-0.9) TR=(1.0,-0.6) BR=(0.9,0.4) BL=(-0.4,-0.0)
  [warp] pass 2 poly fit RMSE: top=0.17 bot=0.20 left=0.18 right=0.25
  [warp] pass 2 sub-pixel gap width: left=12.86 right=9.66 top=9.90 bottom=9.27
  [warp] non-linear pre-remap residuals: top=-0.80 bot=0.39 left=-0.20 right=0.74
  [warp] non-linear fit RMSE: top=0.19 bot=0.24 left=0.17 right=0.25
  [warp] non-linear shift magnitudes (max |Δ|): top=1.08 bot=0.71 left=1.55 right=0.88
  [warp] sub-pixel rectify: max shift=2.51 px top G-offset range [0.89, 4.96] bot G-offset range [1.39, 3.81]
  [warp] final residuals (post-remap, signed mean): top=-0.015 bot=0.008 left=-0.034 right=0.132
  [correct] R: white samples kept=7230 (median 192.6, range 144–223)
  [correct] G: white samples kept=7424 (median 210.6, range 157–252)
  [correct] white surface R: 163–208; G: 179–234
  [correct] dark surface  R: 80–122; G: 128–159
  [correct] interior DG calibration: R=3243px G=3483px
  [correct] frame post-correction p85: R=254 G=255 B=243 (target #FFFFA5 = R255 G255 B165)
  [correct] camera region mean: R=184.0 G=156.0 B=227.1
  [crop] inner-border mean=176.8 white-frame mean=212.3 (ratio 0.833, OK)
  [sample] R: 42–255  G: 1–255  B: 102–255
  [sample] subpixel cols (scale=8): B=[1,3) G=[3,5) R=[6,8) vMargin=1
  [quantize] global k-means cluster centers (palette-ordered):  BK=(R80,G37)  DG=(R136,G159)  LG=(R221,G175)  WH=(R215,G250)
  [quantize] after global kmeans: BK=1571  DG=3496  LG=4285  WH=4984
  [quantize] strip ensemble: 7 strips, changed 27 px  now: BK=1571  DG=3522  LG=4260  WH=4983
  [quantize] G-valley refinement: threshold=221.0 (LG center G=174.6, WH center G=250.0), changed 0 px
  [quantize] B reclassify: dgMeanB=233.2 warmMeanB=218.2 flipDg->warm=0 flipWarm->dg=0
  [quantize] confidence refine pass 1: 13951/14336 pixels confident, 3 ambiguous pixels reclassified via similar-RGB neighbour vote
  [quantize] confidence refine pass 2: 13951/14336 pixels confident, 0 ambiguous pixels reclassified via similar-RGB neighbour vote
  [quantize] warp-R DG-dot recovery: 1 pixels reclassified
  [quantize] final: BK=1570 (11.0%)  DG=3526 (24.6%)  LG=4257 (29.7%)  WH=4983 (34.8%)

======================================================================
COMPARISON SUMMARY
======================================================================
  Total pixels : 14336
  Matching     : 14333  (99.98%)
  Different    : 3   (0.02%)

----------------------------------------------------------------------
COLOR DISTRIBUTION
----------------------------------------------------------------------
  Color                     Result   Reference      Diff
  BK  #000000                 1570        1571  -1
  DG  #9494FF                 3526        3527  -1
  LG  #FF9494                 4257        4255  +2
  WH  #FFFFA5                 4983        4983  +0

----------------------------------------------------------------------
CONFUSION MATRIX  (rows = pipeline result, cols = reference)
----------------------------------------------------------------------
  Result / Ref             BK  #000000       DG  #9494FF       LG  #FF9494       WH  #FFFFA5   TOTAL
  BK  #000000                    1570 v                0                  0                  0      1570
  DG  #9494FF                       1 X             3525 v                0                  0      3526
  LG  #FF9494                       0                  2 X             4255 v                0      4257
  WH  #FFFFA5                       0                  0                  0               4983 v    4983

----------------------------------------------------------------------
ERROR BREAKDOWN  (result -> reference)
----------------------------------------------------------------------
  DG  #9494FF  ->  BK  #000000 : 1 px
  LG  #FF9494  ->  DG  #9494FF : 2 px

======================================================================
COMPARISON SUMMARY (reprint)
======================================================================
  Total pixels : 14336
  Matching     : 14333  (99.98%)
  Different    : 3   (0.02%)

======================================================================
RESULT: FAIL — see diagnostics above and in the output directory.
======================================================================
