PIPELINE RUN
  Input:      sample-pictures-full\20260313_213443.jpg
  Output dir: sample-pictures-out-full\20260313_213443

PIPELINE DIAGNOSTICS
  [locate] working-res 1000×450 (scale=0.248 from 4032×1816)
  [locate] found 3 candidate(s); top score=0.009
  [locate] chose candidate 0: totalScore=0.990 (innerBorder=0.973, darkRing=1.000)
  [locate] dash search: top@row=7 (expected 7, off 0), bottom@row=137 (expected 136, off 1), left@col=2 (expected 3, off 1), right@col=157 (expected 156, off 1)
  [locate] output region: 1431×1287 (margin=6.0%, passThrough=false)
  [warp] corner detection: area=1482924 aspect=1.106 (target 1.111) thresh=180 score=0.0216
  [warp] detected source corners (TL TR BR BL): (80,61) (1355,63) (1353,1219) (77,1221)
  [warp] pass 1 edge offsets (avg): top=-2.76 bot=1.08 left=0.30 right=4.12
  [warp] pass 1 corner errors: TL=(-3.2,-1.4) TR=(1.5,-1.3) BR=(3.1,0.7) BL=(-0.8,0.5)
  [warp] pass 1 poly fit RMSE: top=0.39 bot=0.24 left=3.87 right=0.27
  [warp] pass 1 sub-pixel gap width: left=15.00 right=11.54 top=11.33 bottom=10.87
  [warp] pass 2 edge offsets (avg): top=-1.32 bot=0.63 left=1.94 right=1.75
  [warp] pass 2 corner errors: TL=(-1.4,-0.7) TR=(0.6,-0.6) BR=(1.5,0.2) BL=(-0.3,0.1)
  [warp] pass 2 poly fit RMSE: top=0.33 bot=0.31 left=3.40 right=0.27
  [warp] pass 2 sub-pixel gap width: left=15.63 right=11.64 top=10.98 bottom=11.77
  [warp] non-linear pre-remap residuals: top=-0.65 bot=0.42 left=2.76 right=0.73  (SKIPPED — already aligned or noisy fit)
  [warp] non-linear fit RMSE: top=0.28 bot=0.29 left=3.37 right=0.27
  [warp] non-linear shift magnitudes (max |Δ|): top=1.07 bot=0.59 left=4.70 right=1.66
  [warp] sub-pixel rectify: max shift=2.01 px top G-offset range [2.50, 5.66] bot G-offset range [1.94, 3.74]
  [warp] final residuals (post-remap, signed mean): top=-0.690 bot=0.422 left=2.611 right=0.785
  [correct] R: white samples kept=7303 (median 188.0, range 140–211)
  [correct] G: white samples kept=7482 (median 202.0, range 151–245)
  [correct] white surface R: 154–202; G: 167–221
  [correct] dark surface  R: 73–131; G: 130–161
  [correct] interior DG calibration: R=2522px G=5297px
  [correct] frame post-correction p85: R=253 G=254 B=225 (target #FFFFA5 = R255 G255 B165)
  [correct] camera region mean: R=182.5 G=148.9 B=216.7
  [crop] inner-border mean=184.1 white-frame mean=211.0 (ratio 0.873, WARN)
  [sample] R: 0–255  G: 0–255  B: 100–255
  [sample] subpixel cols (scale=8): B=[1,3) G=[3,5) R=[6,8) vMargin=1
  [quantize] global k-means cluster centers (palette-ordered):  BK=(R72,G20)  DG=(R143,G149)  LG=(R235,G153)  WH=(R238,G237)
  [quantize] after global kmeans: BK=2455  DG=2503  LG=4999  WH=4379
  [quantize] strip ensemble: 7 strips, changed 66 px  now: BK=2453  DG=2555  LG=4951  WH=4377
  [quantize] G-valley refinement: threshold=202.0 (LG center G=152.7, WH center G=236.9), changed 3 px
  [quantize] B reclassify: dgMeanB=235.7 warmMeanB=206.7 flipDg->warm=0 flipWarm->dg=4
  [quantize] confidence refine pass 1: 13794/14336 pixels confident, 21 ambiguous pixels reclassified via similar-RGB neighbour vote
  [quantize] confidence refine pass 2: 13791/14336 pixels confident, 3 ambiguous pixels reclassified via similar-RGB neighbour vote
  [quantize] confidence refine pass 3: 13791/14336 pixels confident, 0 ambiguous pixels reclassified via similar-RGB neighbour vote
  [quantize] final: BK=2452 (17.1%)  DG=2583 (18.0%)  LG=4927 (34.4%)  WH=4374 (30.5%)

======================================================================
COMPARISON SUMMARY
======================================================================
  Total pixels : 14336
  Matching     : 14245  (99.37%)
  Different    : 91   (0.63%)

----------------------------------------------------------------------
COLOR DISTRIBUTION
----------------------------------------------------------------------
  Color                     Result   Reference      Diff
  BK  #000000                 2452        2438  +14
  DG  #9494FF                 2583        2567  +16
  LG  #FF9494                 4927        4925  +2
  WH  #FFFFA5                 4374        4406  -32

----------------------------------------------------------------------
CONFUSION MATRIX  (rows = pipeline result, cols = reference)
----------------------------------------------------------------------
  Result / Ref             BK  #000000       DG  #9494FF       LG  #FF9494       WH  #FFFFA5   TOTAL
  BK  #000000                    2438 v               11 X                3 X                0      2452
  DG  #9494FF                       0               2547 v               36 X                0      2583
  LG  #FF9494                       0                  9 X             4886 v               32 X    4927
  WH  #FFFFA5                       0                  0                  0               4374 v    4374

----------------------------------------------------------------------
ERROR BREAKDOWN  (result -> reference)
----------------------------------------------------------------------
  BK  #000000  ->  DG  #9494FF : 11 px
  BK  #000000  ->  LG  #FF9494 : 3 px
  DG  #9494FF  ->  LG  #FF9494 : 36 px
  LG  #FF9494  ->  DG  #9494FF : 9 px
  LG  #FF9494  ->  WH  #FFFFA5 : 32 px

======================================================================
COMPARISON SUMMARY (reprint)
======================================================================
  Total pixels : 14336
  Matching     : 14245  (99.37%)
  Different    : 91   (0.63%)

======================================================================
RESULT: FAIL — see diagnostics above and in the output directory.
======================================================================
