PIPELINE RUN
  Input:      sample-pictures-full\20260313_213510.jpg
  Output dir: sample-pictures-out-full\20260313_213510

PIPELINE DIAGNOSTICS
  [locate] working-res 1000×450 (scale=0.248 from 4032×1816)
  [locate] found 4 candidate(s); top score=0.014
  [locate] chose candidate 0: totalScore=0.785 (innerBorder=1.000, darkRing=0.659)
  [locate] dash search: top@row=7 (expected 7, off 0), bottom@row=137 (expected 136, off 1), left@col=2 (expected 3, off 1), right@col=157 (expected 156, off 1)
  [locate] output region: 1371×1235 (margin=6.0%, passThrough=false)
  [warp] corner detection: area=1363395 aspect=1.105 (target 1.111) thresh=180 score=0.0135
  [warp] detected source corners (TL TR BR BL): (73,61) (1298,61) (1300,1169) (74,1171)
  [warp] pass 1 edge offsets (avg): top=-2.85 bot=2.32 left=-2.34 right=3.27
  [warp] pass 1 corner errors: TL=(-1.8,-1.8) TR=(1.7,-1.2) BR=(1.8,1.3) BL=(-0.9,1.1)
  [warp] pass 1 poly fit RMSE: top=0.46 bot=0.31 left=0.29 right=0.19
  [warp] pass 1 sub-pixel gap width: left=13.36 right=9.77 top=11.79 bottom=9.70
  [warp] pass 2 edge offsets (avg): top=-1.38 bot=1.03 left=-0.98 right=1.44
  [warp] pass 2 corner errors: TL=(-0.8,-0.8) TR=(0.8,-0.5) BR=(0.8,0.6) BL=(-0.4,0.5)
  [warp] pass 2 poly fit RMSE: top=0.42 bot=0.28 left=0.29 right=0.19
  [warp] pass 2 sub-pixel gap width: left=12.71 right=10.63 top=11.46 bottom=10.77
  [warp] non-linear pre-remap residuals: top=-0.69 bot=0.42 left=-0.37 right=0.64
  [warp] non-linear fit RMSE: top=0.40 bot=0.30 left=0.29 right=0.19
  [warp] non-linear shift magnitudes (max |Δ|): top=0.96 bot=0.69 left=0.52 right=0.66
  [warp] sub-pixel rectify: max shift=1.77 px top G-offset range [1.41, 4.83] bot G-offset range [1.35, 3.47]
  [warp] final residuals (post-remap, signed mean): top=0.001 bot=0.012 left=-0.006 right=0.017
  [correct] R: white samples kept=7311 (median 176.0, range 131–203)
  [correct] G: white samples kept=7531 (median 203.0, range 152–251)
  [correct] white surface R: 149–188; G: 176–221
  [correct] dark surface  R: 38–107; G: 126–164
  [correct] interior DG calibration: R=7237px G=1695px
  [correct] frame post-correction p85: R=255 G=255 B=250 (target #FFFFA5 = R255 G255 B165)
  [correct] camera region mean: R=149.5 G=73.1 B=199.8
  [crop] inner-border mean=187.4 white-frame mean=225.4 (ratio 0.831, OK)
  [sample] R: 45–255  G: 0–255  B: 113–255
  [sample] subpixel cols (scale=8): B=[1,3) G=[3,5) R=[6,8) vMargin=1
  [quantize] global k-means cluster centers (palette-ordered):  BK=(R122,G27)  DG=(R153,G156)  LG=(R233,G178)  WH=(R229,G253)
  [quantize] after global kmeans: BK=9494  DG=1883  LG=1400  WH=1559
  [quantize] strip ensemble: 7 strips, changed 10 px  now: BK=9494  DG=1880  LG=1406  WH=1556
  [quantize] G-valley refinement: threshold=224.0 (LG center G=178.5, WH center G=253.0), changed 1 px
  [quantize] B reclassify: dgMeanB=237.1 warmMeanB=222.8 flipDg->warm=0 flipWarm->dg=4
  [quantize] confidence refine pass 1: 14165/14336 pixels confident, 5 ambiguous pixels reclassified via similar-RGB neighbour vote
  [quantize] confidence refine pass 2: 14165/14336 pixels confident, 0 ambiguous pixels reclassified via similar-RGB neighbour vote
  [quantize] warp-G BK recovery: 1 pixels reclassified DG → BK
  [quantize] final: BK=9494 (66.2%)  DG=1888 (13.2%)  LG=1399 (9.8%)  WH=1555 (10.8%)

======================================================================
COMPARISON SUMMARY
======================================================================
  Total pixels : 14336
  Matching     : 14333  (99.98%)
  Different    : 3   (0.02%)

----------------------------------------------------------------------
COLOR DISTRIBUTION
----------------------------------------------------------------------
  Color                     Result   Reference      Diff
  BK  #000000                 9494        9494  +0
  DG  #9494FF                 1888        1885  +3
  LG  #FF9494                 1399        1402  -3
  WH  #FFFFA5                 1555        1555  +0

----------------------------------------------------------------------
CONFUSION MATRIX  (rows = pipeline result, cols = reference)
----------------------------------------------------------------------
  Result / Ref             BK  #000000       DG  #9494FF       LG  #FF9494       WH  #FFFFA5   TOTAL
  BK  #000000                    9494 v                0                  0                  0      9494
  DG  #9494FF                       0               1885 v                3 X                0      1888
  LG  #FF9494                       0                  0               1399 v                0      1399
  WH  #FFFFA5                       0                  0                  0               1555 v    1555

----------------------------------------------------------------------
ERROR BREAKDOWN  (result -> reference)
----------------------------------------------------------------------
  DG  #9494FF  ->  LG  #FF9494 : 3 px

======================================================================
COMPARISON SUMMARY (reprint)
======================================================================
  Total pixels : 14336
  Matching     : 14333  (99.98%)
  Different    : 3   (0.02%)

======================================================================
RESULT: FAIL — see diagnostics above and in the output directory.
======================================================================
