PIPELINE RUN
  Input:      sample-pictures-full\20260313_213457.jpg
  Output dir: sample-pictures-out-full\20260313_213457

PIPELINE DIAGNOSTICS
  [locate] working-res 1000×450 (scale=0.248 from 4032×1816)
  [locate] found 4 candidate(s); top score=0.002
  [locate] chose candidate 0: totalScore=0.906 (innerBorder=0.980, darkRing=0.850)
  [locate] dash search: top@row=7 (expected 7, off 0), bottom@row=137 (expected 136, off 1), left@col=2 (expected 3, off 1), right@col=157 (expected 156, off 1)
  [locate] output region: 1409×1262 (margin=6.0%, passThrough=false)
  [warp] corner detection: area=1431456 aspect=1.108 (target 1.111) thresh=180 score=0.0116
  [warp] detected source corners (TL TR BR BL): (76,61) (1332,62) (1331,1199) (75,1198)
  [warp] pass 1 edge offsets (avg): top=-2.21 bot=0.98 left=-1.89 right=4.01
  [warp] pass 1 corner errors: TL=(-1.5,-1.5) TR=(2.1,-0.9) BR=(2.5,0.8) BL=(-0.5,0.0)
  [warp] pass 1 poly fit RMSE: top=0.23 bot=0.37 left=0.27 right=0.28
  [warp] pass 1 sub-pixel gap width: left=10.07 right=14.92 top=11.25 bottom=15.97
  [warp] pass 2 edge offsets (avg): top=-1.04 bot=0.57 left=-0.86 right=1.67
  [warp] pass 2 corner errors: TL=(-0.7,-0.7) TR=(0.9,-0.4) BR=(1.1,0.4) BL=(-0.2,-0.0)
  [warp] pass 2 poly fit RMSE: top=0.24 bot=0.39 left=0.26 right=0.28
  [warp] pass 2 sub-pixel gap width: left=11.16 right=15.06 top=11.24 bottom=15.87
  [warp] non-linear pre-remap residuals: top=-0.46 bot=0.38 left=-0.38 right=0.63
  [warp] non-linear fit RMSE: top=0.22 bot=0.40 left=0.26 right=0.29
  [warp] non-linear shift magnitudes (max |Δ|): top=0.82 bot=0.71 left=1.98 right=1.74
  [warp] sub-pixel rectify: max shift=2.77 px top G-offset range [2.97, 6.20] bot G-offset range [1.45, 3.98]
  [warp] final residuals (post-remap, signed mean): top=-0.099 bot=-0.718 left=-0.000 right=0.074
  [correct] R: white samples kept=7327 (median 188.6, range 141–215)
  [correct] G: white samples kept=7501 (median 201.6, range 151–252)
  [correct] white surface R: 160–201; G: 174–223
  [correct] dark surface  R: 74–123; G: 131–159
  [correct] interior DG calibration: R=2135px G=2971px
  [correct] frame post-correction p85: R=255 G=255 B=235 (target #FFFFA5 = R255 G255 B165)
  [correct] camera region mean: R=156.0 G=114.1 B=202.2
  [crop] inner-border mean=181.0 white-frame mean=202.1 (ratio 0.896, WARN)
  [sample] R: 14–255  G: 0–255  B: 94–255
  [sample] subpixel cols (scale=8): B=[1,3) G=[3,5) R=[6,8) vMargin=1
  [quantize] global k-means cluster centers (palette-ordered):  BK=(R82,G15)  DG=(R141,G157)  LG=(R230,G173)  WH=(R221,G253)
  [quantize] after global kmeans: BK=5291  DG=2799  LG=2772  WH=3474
  [quantize] strip ensemble: 7 strips, changed 35 px  now: BK=5291  DG=2814  LG=2767  WH=3464
  [quantize] G-valley refinement: threshold=224.0 (LG center G=172.7, WH center G=253.0), changed 13 px
  [quantize] B reclassify: dgMeanB=237.9 warmMeanB=216.3 flipDg->warm=0 flipWarm->dg=1
  [quantize] confidence refine pass 1: 13883/14336 pixels confident, 25 ambiguous pixels reclassified via similar-RGB neighbour vote
  [quantize] confidence refine pass 2: 13885/14336 pixels confident, 0 ambiguous pixels reclassified via similar-RGB neighbour vote
  [quantize] warp-R DG-dot recovery: 9 pixels reclassified
  [quantize] final: BK=5291 (36.9%)  DG=2849 (19.9%)  LG=2745 (19.1%)  WH=3451 (24.1%)

======================================================================
COMPARISON SUMMARY
======================================================================
  Total pixels : 14336
  Matching     : 14334  (99.99%)
  Different    : 2   (0.01%)

----------------------------------------------------------------------
COLOR DISTRIBUTION
----------------------------------------------------------------------
  Color                     Result   Reference      Diff
  BK  #000000                 5291        5291  +0
  DG  #9494FF                 2849        2849  +0
  LG  #FF9494                 2745        2745  +0
  WH  #FFFFA5                 3451        3451  +0

----------------------------------------------------------------------
CONFUSION MATRIX  (rows = pipeline result, cols = reference)
----------------------------------------------------------------------
  Result / Ref             BK  #000000       DG  #9494FF       LG  #FF9494       WH  #FFFFA5   TOTAL
  BK  #000000                    5291 v                0                  0                  0      5291
  DG  #9494FF                       0               2848 v                1 X                0      2849
  LG  #FF9494                       0                  1 X             2744 v                0      2745
  WH  #FFFFA5                       0                  0                  0               3451 v    3451

----------------------------------------------------------------------
ERROR BREAKDOWN  (result -> reference)
----------------------------------------------------------------------
  DG  #9494FF  ->  LG  #FF9494 : 1 px
  LG  #FF9494  ->  DG  #9494FF : 1 px

======================================================================
COMPARISON SUMMARY (reprint)
======================================================================
  Total pixels : 14336
  Matching     : 14334  (99.99%)
  Different    : 2   (0.01%)

======================================================================
RESULT: FAIL — see diagnostics above and in the output directory.
======================================================================
